
                   Inflation Report             10/24/2022              Page   1

    Item Number       12345
    Item description  3 1/2 DISKETTE
    Item cost         $     1.00

                         Year     Inflation Rate    Item Cost w/Inflatio
                           1             8%              $      1.08
                           2             8%              $      1.17
                           3             8%              $      1.26
                           4             8%              $      1.36
                           5             8%              $      1.47
                           6             6%              $      1.56
                           7             6%              $      1.65
                           8             6%              $      1.75
                           9             6%              $      1.86
                          10             6%              $      1.97

                   Inflation Report             10/24/2022              Page   2

    Item Number       36688
    Item description  RAKE
    Item cost         $    12.99

                         Year     Inflation Rate    Item Cost w/Inflatio
                           1             8%              $     14.03
                           2             8%              $     15.15
                           3             8%              $     16.36
                           4             8%              $     17.67
                           5             8%              $     19.08
                           6             6%              $     20.22
                           7             6%              $     21.43
                           8             6%              $     22.72
                           9             6%              $     24.08
                          10             6%              $     25.52

                   Inflation Report             10/24/2022              Page   3

    Item Number       77788
    Item description  FILING CABINET
    Item cost         $    89.99

                         Year     Inflation Rate    Item Cost w/Inflatio
                           1             8%              $     97.19
                           2             8%              $    104.97
                           3             8%              $    113.37
                           4             8%              $    122.44
                           5             8%              $    132.24
                           6             6%              $    140.17
                           7             6%              $    148.58
                           8             6%              $    157.49
                           9             6%              $    166.94
                          10             6%              $    176.96
