
                   Inflation Report             11/18/2022              Page   1

    Item Number       12345
    Item description  3 1/2 DISKETTE
    Item cost         $     1.00

                         Year     Inflation Rate    Item Cost w/Inflation
                           1             5%              $      1.05
                           2             5%              $      1.10
                           3             5%              $      1.16
                           4             5%              $      1.22
                           5             5%              $      1.28
                           6            10%              $      1.41
                           7            10%              $      1.55
                           8            10%              $      1.71
                           9            10%              $      1.88
                          10            10%              $      2.07

                   Inflation Report             11/18/2022              Page   2

    Item Number       36688
    Item description  RAKE
    Item cost         $    12.99

                         Year     Inflation Rate    Item Cost w/Inflation
                           1             5%              $     13.64
                           2             5%              $     14.32
                           3             5%              $     15.04
                           4             5%              $     15.79
                           5             5%              $     16.58
                           6            10%              $     18.24
                           7            10%              $     20.06
                           8            10%              $     22.07
                           9            10%              $     24.28
                          10            10%              $     26.71

                   Inflation Report             11/18/2022              Page   3

    Item Number       77788
    Item description  FILING CABINET
    Item cost         $    89.99

                         Year     Inflation Rate    Item Cost w/Inflation
                           1             5%              $     94.49
                           2             5%              $     99.21
                           3             5%              $    104.17
                           4             5%              $    109.38
                           5             5%              $    114.85
                           6            10%              $    126.34
                           7            10%              $    138.97
                           8            10%              $    152.87
                           9            10%              $    168.16
                          10            10%              $    184.98
